// Jest Snapshot v1, https://goo.gl/fbAQLP

exports[`Layout.tsx renders correctly Layout 1`] = `
<div
  className="container-fluid"
>
  <div
    className="row"
  >
    <div
      className="col"
    >
      <Header />
    </div>
  </div>
  <div
    className="row "
  >
    <div
      className="col"
    />
  </div>
</div>
`;
